2026-10-05T11:05:33.218604800Z main WARN Advanced terminal features are not available in this environment
[19:05:33] [main/INFO] [ne.ne.fm.st.Entrypoint/]: JVM Uptime at startup: 288ms
[19:05:33] [main/INFO] [ne.ne.fm.lo.FMLLoader/]: Starting FancyModLoader version 12.0.8 (CLIENT in PROD)
[19:05:33] [main/INFO] [ne.ne.fm.lo.FMLLoader/]: Game directory: D:\DOWLOD\.minecraft\versions\26.3-NeoForge_26.3.0.7-beta\mods\versions\26.3-NeoForge_26.3.0.51-beta
[19:05:33] [main/INFO] [ne.ne.fm.lo.EarlyServiceDiscovery/]: Found 3 early service jars (out of 104) in 39ms
[19:05:33] [main/INFO] [ne.ne.fm.lo.FMLLoader/]: Loading FML Early Services:
[19:05:33] [main/INFO] [ne.ne.fm.lo.FMLLoader/]:  - mods/[钠] sodium-neoforge-0.9.3-alpha.1+mc26.3.jar
[19:05:33] [main/INFO] [ne.ne.fm.lo.FMLLoader/]:  - D:/DOWLOD/.minecraft/versions/26.3-NeoForge_26.3.0.7-beta/mods/libraries/net/neoforged/fancymodloader/earlydisplay/12.0.8/earlydisplay-12.0.8.jar
[19:05:33] [main/INFO] [ne.ne.fm.lo.FMLLoader/]:  - D:/DOWLOD/.minecraft/versions/26.3-NeoForge_26.3.0.7-beta/mods/libraries/net/neoforged/fancymodloader/loader/12.0.8/loader-12.0.8.jar
[19:05:33] [main/INFO] [ne.ne.fm.lo.ImmediateWindowHandler/]: Running graphics bootstrap plugin sodium
[19:05:33] [main/INFO] [Sodium-GraphicsAdapterProbe/]: Searching for graphics cards...
[19:05:33] [main/INFO] [Sodium-GraphicsAdapterProbe/]: Found graphics adapter: AdapterInfo{vendor=AMD, description='AMD Radeon(TM) Graphics', adapterType=0x00002303, openglIcdFilePath='C:\Windows\System32\DriverStore\FileRepository\u0203303.inf_amd64_e5876a26758f154c\B026363\atig6pxx.dll', openglIcdVersion=32.0.21045.5002}
[19:05:33] [main/INFO] [Sodium-GraphicsAdapterProbe/]: Found graphics adapter: AdapterInfo{vendor=AMD, description='AMD Radeon RX 7800 XT', adapterType=0x0000230B, openglIcdFilePath='C:\Windows\System32\DriverStore\FileRepository\u0203304.inf_amd64_a6e5a337568ce3f0\B026373\atig6pxx.dll', openglIcdVersion=32.0.31041.1004}
[19:05:33] [main/WARN] [Sodium-Workarounds/]: Sodium has applied one or more workarounds to prevent crashes or other issues on your system: [AMD_GAME_OPTIMIZATION_BROKEN]
[19:05:33] [main/WARN] [Sodium-Workarounds/]: This is not necessarily an issue, but it may result in certain features or optimizations being disabled. You can sometimes fix these issues by upgrading your graphics driver.
[19:05:33] [main/INFO] [Sodium-AmdWorkarounds/]: Modifying process environment to apply workarounds for the AMD graphics driver...
[19:05:33] [main/INFO] [ne.ne.fm.lo.ImmediateWindowHandler/]: Loading ImmediateWindowProvider fmlearlywindow
[19:05:34] [main/INFO] [ne.ne.fm.ea.re.ba.op.GlRenderer/]: GL info: AMD  Radeon RX 7800 XT GL version 3.3.0 Core Profile Context 26.8.1.260810, ATI Technologies Inc.
[19:05:34] [ForkJoinPool.commonPool-worker-1/INFO] [ne.ne.fm.lo.mo.lo.GameLocator/]: Marking unmodified client jar as claimed to prevent loading: D:\DOWLOD\.minecraft\versions\26.3-NeoForge_26.3.0.7-beta\mods\versions\26.3-NeoForge_26.3.0.51-beta\26.3-NeoForge_26.3.0.51-beta.jar
[19:05:34] [ForkJoinPool.commonPool-worker-1/INFO] [ne.ne.fm.lo.mo.lo.GameLocator/]: Failed to find common Minecraft classes and resources on the classpath. Assuming we're launching production.
[19:05:34] [ForkJoinPool.commonPool-worker-1/INFO] [ne.ne.fm.lo.mo.lo.JarInJarDependencyLocator/]: Found 8 dependencies adding them to mods collection
[19:05:34] [ForkJoinPool.commonPool-worker-1/INFO] [ne.ne.fm.lo.mo.ModDiscoverer/]: 
     Mod List:
		Name Version (Mod Id)

		Iris 1.11.7+mc26.3 (iris)
		Minecraft 26.3 (minecraft)
		NeoForge 26.3.0.51-beta (neoforge)
		Sodium 0.9.3-alpha.1+mc26.3 (sodium)
		Timeless and Classics Zero 1.1.8+neoforge.26.3.R1 (tacz)
[19:05:35] [main/INFO] [mixin/]: SpongePowered MIXIN Subsystem Version=0.8.7 Source=file:/D:/DOWLOD/.minecraft/versions/26.3-NeoForge_26.3.0.7-beta/mods/libraries/net/fabricmc/sponge-mixin/0.17.4+mixin.0.8.7/sponge-mixin-0.17.4+mixin.0.8.7.jar Service=FML Env=CLIENT
[19:05:35] [main/INFO] [ne.ne.fm.lo.FMLLoader/]: Loading FML Plugins:
[19:05:35] [main/INFO] [ne.ne.fm.lo.FMLLoader/]:  - mods/tacz-1.1.8+neoforge.26.3.R1.jar > commons-math3-3.6.1.jar
[19:05:35] [main/INFO] [ne.ne.fm.lo.FMLLoader/]:  - mods/iris-neoforge-1.11.7+mc26.3.jar > antlr4-runtime-4.13.1.jar
[19:05:35] [main/INFO] [ne.ne.fm.lo.FMLLoader/]:  - mods/tacz-1.1.8+neoforge.26.3.R1.jar > luaj-jse-3.0.1.jar
[19:05:35] [main/INFO] [ne.ne.fm.lo.FMLLoader/]:  - mods/iris-neoforge-1.11.7+mc26.3.jar > jcpp-1.4.14.jar
[19:05:35] [main/INFO] [ne.ne.fm.lo.FMLLoader/]:  - ~libraries/net/neoforged/neoforge/26.3.0.51-beta/neoforge-26.3.0.51-beta-universal.jar > net.neoforged.neoforge-coremods-26.3.0.51-beta.jar
[19:05:35] [main/INFO] [ne.ne.fm.lo.FMLLoader/]:  - mods/iris-neoforge-1.11.7+mc26.3.jar > glsl-transformer-3.0.0-pre3.jar
[19:05:35] [main/INFO] [ne.ne.fm.lo.FMLLoader/]: Building game content classloader:
 - iris (jar(mods/iris-neoforge-1.11.7+mc26.3.jar))
 - minecraft (jar(~libraries/net/neoforged/minecraft-client-patched/26.3.0.51-beta/minecraft-client-patched-26.3.0.51-beta.jar))
 - mixinextras.neoforge (jar(~libraries/net/neoforged/neoforge/26.3.0.51-beta/neoforge-26.3.0.51-beta-universal.jar > mixinextras-neoforge-0.5.5.jar))
 - neoforge (jar(~libraries/net/neoforged/neoforge/26.3.0.51-beta/neoforge-26.3.0.51-beta-universal.jar))
 - net.neoforged.fml.generated (empty(VirtualJar/net.neoforged.fml.generated))
 - sodium (jar(mods/[钠] sodium-neoforge-0.9.3-alpha.1+mc26.3.jar > net.caffeinemc.sodium-neoforge-0.9.3-alpha.1+mc26.3-mod.jar))
 - tacz (jar(mods/tacz-1.1.8+neoforge.26.3.R1.jar))
[19:05:35] [main/INFO] [ne.ne.fm.lo.FMLLoader/]: Built game content classloader in 20ms
[19:05:35] [main/INFO] [ne.ne.fm.lo.mi.MixinFacade/]: Mixin config sodium-frapi.mixins.json from jar(mods/[钠] sodium-neoforge-0.9.3-alpha.1+mc26.3.jar) > jar(mods/[钠] sodium-neoforge-0.9.3-alpha.1+mc26.3.jar > net.caffeinemc.sodium-neoforge-0.9.3-alpha.1+mc26.3-mod.jar) not applied as required mod 'fabric_renderer_api_v1' is missing
[19:05:35] [main/INFO] [Sodium/]: Loaded configuration file for Sodium: 37 options available, 1 override(s) found
[19:05:35] [main/WARN] [mixin/]: Reference map 'iris.refmap.json' for mixins.iris.json could not be read. If this is a development environment you can ignore this message
[19:05:35] [main/WARN] [mixin/]: Reference map 'iris.refmap.json' for mixins.iris.vertexformat.json could not be read. If this is a development environment you can ignore this message
[19:05:35] [main/WARN] [mixin/]: Reference map 'iris.refmap.json' for mixins.iris.compat.sodium.json could not be read. If this is a development environment you can ignore this message
[19:05:35] [main/WARN] [Sodium/]: Force-disabling mixin 'features.render.world.sky.LevelRendererMixin' as rule 'mixin.features.render.world.sky' (added by mods [iris]) disables it and children
[19:05:35] [main/ERROR] [mixin/]: java.lang.NullPointerException: Cannot invoke "net.neoforged.fml.ModList.isLoaded(String)" because the return value of "net.neoforged.fml.ModList.get()" is null
org.spongepowered.asm.mixin.transformer.throwables.InvalidMixinException: java.lang.NullPointerException: Cannot invoke "net.neoforged.fml.ModList.isLoaded(String)" because the return value of "net.neoforged.fml.ModList.get()" is null
	at org.spongepowered.asm.mixin.transformer.MixinInfo.<init>(MixinInfo.java:907) ~[sponge-mixin-0.17.4+mixin.0.8.7.jar:0.17.4+mixin.0.8.7] {}
	at org.spongepowered.asm.mixin.transformer.MixinConfig.prepareMixins(MixinConfig.java:933) [sponge-mixin-0.17.4+mixin.0.8.7.jar:0.17.4+mixin.0.8.7] {}
	at org.spongepowered.asm.mixin.transformer.MixinConfig.prepare(MixinConfig.java:862) [sponge-mixin-0.17.4+mixin.0.8.7.jar:0.17.4+mixin.0.8.7] {}
	at org.spongepowered.asm.mixin.transformer.MixinProcessor.prepareConfigs(MixinProcessor.java:587) [sponge-mixin-0.17.4+mixin.0.8.7.jar:0.17.4+mixin.0.8.7] {}
	at org.spongepowered.asm.mixin.transformer.MixinProcessor.select(MixinProcessor.java:509) [sponge-mixin-0.17.4+mixin.0.8.7.jar:0.17.4+mixin.0.8.7] {}
	at org.spongepowered.asm.mixin.transformer.MixinProcessor.checkSelect(MixinProcessor.java:485) [sponge-mixin-0.17.4+mixin.0.8.7.jar:0.17.4+mixin.0.8.7] {}
	at org.spongepowered.asm.mixin.transformer.MixinProcessor.lockAndSelect(MixinProcessor.java:437) [sponge-mixin-0.17.4+mixin.0.8.7.jar:0.17.4+mixin.0.8.7] {}
	at org.spongepowered.asm.mixin.transformer.MixinProcessor.couldTransformClass(MixinProcessor.java:397) [sponge-mixin-0.17.4+mixin.0.8.7.jar:0.17.4+mixin.0.8.7] {}
	at org.spongepowered.asm.mixin.transformer.MixinTransformer.couldTransformClass(MixinTransformer.java:265) [sponge-mixin-0.17.4+mixin.0.8.7.jar:0.17.4+mixin.0.8.7] {}
	at net.neoforged.fml.loading.mixin.FMLMixinClassProcessor.processesClass(FMLMixinClassProcessor.java:71) [loader-12.0.8.jar:12.0] {}
	at net.neoforged.fml.loading.mixin.FMLMixinClassProcessor.handlesClass(FMLMixinClassProcessor.java:56) [loader-12.0.8.jar:12.0] {}
	at net.neoforged.fml.classloading.transformation.ClassProcessorSet.transformersFor(ClassProcessorSet.java:101) [loader-12.0.8.jar:12.0] {}
	at net.neoforged.fml.classloading.transformation.ClassTransformer.transform(ClassTransformer.java:60) [loader-12.0.8.jar:12.0] {}
	at net.neoforged.fml.classloading.transformation.TransformingClassLoader.maybeTransformClassBytes(TransformingClassLoader.java:47) [loader-12.0.8.jar:12.0] {}
	at net.neoforged.fml.classloading.ModuleClassLoader.readerToClass(ModuleClassLoader.java:224) [loader-12.0.8.jar:12.0] {}
	at net.neoforged.fml.classloading.ModuleClassLoader.loadClass(ModuleClassLoader.java:245) [loader-12.0.8.jar:12.0] {}
	at java.base/java.lang.ClassLoader.loadClass(ClassLoader.java:490) [?:?] {}
	at java.base/java.lang.Class.forName0(Native Method) [?:?] {}
	at java.base/java.lang.Class.forName(Class.java:547) [?:?] {}
	at net.neoforged.fml.startup.Entrypoint.createMainMethodCallable(Entrypoint.java:148) [loader-12.0.8.jar:12.0] {}
	at net.neoforged.fml.startup.Client.main(Client.java:18) [loader-12.0.8.jar:12.0] {}
Caused by: java.lang.NullPointerException: Cannot invoke "net.neoforged.fml.ModList.isLoaded(String)" because the return value of "net.neoforged.fml.ModList.get()" is null
	at TRANSFORMER/tacz@1.1.8+neoforge.26.3.R1/com.tacz.guns.mixin.client.voxy.VoxyCompatMixinPlugin.shouldApplyMixin(VoxyCompatMixinPlugin.java:31) ~[tacz-1.1.8+neoforge.26.3.R1.jar:?] {}
	at org.spongepowered.asm.mixin.transformer.PluginHandle.shouldApplyMixin(PluginHandle.java:157) ~[sponge-mixin-0.17.4+mixin.0.8.7.jar:0.17.4+mixin.0.8.7] {}
	at org.spongepowered.asm.mixin.transformer.MixinInfo.shouldApplyMixin(MixinInfo.java:1013) ~[sponge-mixin-0.17.4+mixin.0.8.7.jar:0.17.4+mixin.0.8.7] {}
	at org.spongepowered.asm.mixin.transformer.MixinInfo.readDeclaredTargets(MixinInfo.java:978) ~[sponge-mixin-0.17.4+mixin.0.8.7.jar:0.17.4+mixin.0.8.7] {}
	at org.spongepowered.asm.mixin.transformer.MixinInfo.<init>(MixinInfo.java:903) ~[sponge-mixin-0.17.4+mixin.0.8.7.jar:0.17.4+mixin.0.8.7] {}
	... 20 more
[19:05:35] [main/ERROR] [mixin/]: java.lang.NullPointerException: Cannot invoke "net.neoforged.fml.ModList.isLoaded(String)" because the return value of "net.neoforged.fml.ModList.get()" is null
org.spongepowered.asm.mixin.transformer.throwables.InvalidMixinException: java.lang.NullPointerException: Cannot invoke "net.neoforged.fml.ModList.isLoaded(String)" because the return value of "net.neoforged.fml.ModList.get()" is null
	at org.spongepowered.asm.mixin.transformer.MixinInfo.<init>(MixinInfo.java:907) ~[sponge-mixin-0.17.4+mixin.0.8.7.jar:0.17.4+mixin.0.8.7] {}
	at org.spongepowered.asm.mixin.transformer.MixinConfig.prepareMixins(MixinConfig.java:933) [sponge-mixin-0.17.4+mixin.0.8.7.jar:0.17.4+mixin.0.8.7] {}
	at org.spongepowered.asm.mixin.transformer.MixinConfig.prepare(MixinConfig.java:862) [sponge-mixin-0.17.4+mixin.0.8.7.jar:0.17.4+mixin.0.8.7] {}
	at org.spongepowered.asm.mixin.transformer.MixinProcessor.prepareConfigs(MixinProcessor.java:587) [sponge-mixin-0.17.4+mixin.0.8.7.jar:0.17.4+mixin.0.8.7] {}
	at org.spongepowered.asm.mixin.transformer.MixinProcessor.select(MixinProcessor.java:509) [sponge-mixin-0.17.4+mixin.0.8.7.jar:0.17.4+mixin.0.8.7] {}
	at org.spongepowered.asm.mixin.transformer.MixinProcessor.checkSelect(MixinProcessor.java:485) [sponge-mixin-0.17.4+mixin.0.8.7.jar:0.17.4+mixin.0.8.7] {}
	at org.spongepowered.asm.mixin.transformer.MixinProcessor.lockAndSelect(MixinProcessor.java:437) [sponge-mixin-0.17.4+mixin.0.8.7.jar:0.17.4+mixin.0.8.7] {}
	at org.spongepowered.asm.mixin.transformer.MixinProcessor.couldTransformClass(MixinProcessor.java:397) [sponge-mixin-0.17.4+mixin.0.8.7.jar:0.17.4+mixin.0.8.7] {}
	at org.spongepowered.asm.mixin.transformer.MixinTransformer.couldTransformClass(MixinTransformer.java:265) [sponge-mixin-0.17.4+mixin.0.8.7.jar:0.17.4+mixin.0.8.7] {}
	at net.neoforged.fml.loading.mixin.FMLMixinClassProcessor.processesClass(FMLMixinClassProcessor.java:71) [loader-12.0.8.jar:12.0] {}
	at net.neoforged.fml.loading.mixin.FMLMixinClassProcessor.handlesClass(FMLMixinClassProcessor.java:56) [loader-12.0.8.jar:12.0] {}
	at net.neoforged.fml.classloading.transformation.ClassProcessorSet.transformersFor(ClassProcessorSet.java:101) [loader-12.0.8.jar:12.0] {}
	at net.neoforged.fml.classloading.transformation.ClassTransformer.transform(ClassTransformer.java:60) [loader-12.0.8.jar:12.0] {}
	at net.neoforged.fml.classloading.transformation.TransformingClassLoader.maybeTransformClassBytes(TransformingClassLoader.java:47) [loader-12.0.8.jar:12.0] {}
	at net.neoforged.fml.classloading.ModuleClassLoader.readerToClass(ModuleClassLoader.java:224) [loader-12.0.8.jar:12.0] {}
	at net.neoforged.fml.classloading.ModuleClassLoader.loadClass(ModuleClassLoader.java:245) [loader-12.0.8.jar:12.0] {}
	at java.base/java.lang.ClassLoader.loadClass(ClassLoader.java:490) [?:?] {}
	at java.base/java.lang.Class.forName0(Native Method) [?:?] {}
	at java.base/java.lang.Class.forName(Class.java:547) [?:?] {}
	at net.neoforged.fml.startup.Entrypoint.createMainMethodCallable(Entrypoint.java:148) [loader-12.0.8.jar:12.0] {}
	at net.neoforged.fml.startup.Client.main(Client.java:18) [loader-12.0.8.jar:12.0] {}
Caused by: java.lang.NullPointerException: Cannot invoke "net.neoforged.fml.ModList.isLoaded(String)" because the return value of "net.neoforged.fml.ModList.get()" is null
	at TRANSFORMER/tacz@1.1.8+neoforge.26.3.R1/com.tacz.guns.mixin.client.voxy.VoxyCompatMixinPlugin.shouldApplyMixin(VoxyCompatMixinPlugin.java:31) ~[tacz-1.1.8+neoforge.26.3.R1.jar:?] {}
	at org.spongepowered.asm.mixin.transformer.PluginHandle.shouldApplyMixin(PluginHandle.java:157) ~[sponge-mixin-0.17.4+mixin.0.8.7.jar:0.17.4+mixin.0.8.7] {}
	at org.spongepowered.asm.mixin.transformer.MixinInfo.shouldApplyMixin(MixinInfo.java:1013) ~[sponge-mixin-0.17.4+mixin.0.8.7.jar:0.17.4+mixin.0.8.7] {}
	at org.spongepowered.asm.mixin.transformer.MixinInfo.readDeclaredTargets(MixinInfo.java:978) ~[sponge-mixin-0.17.4+mixin.0.8.7.jar:0.17.4+mixin.0.8.7] {}
	at org.spongepowered.asm.mixin.transformer.MixinInfo.<init>(MixinInfo.java:903) ~[sponge-mixin-0.17.4+mixin.0.8.7.jar:0.17.4+mixin.0.8.7] {}
	... 20 more
[19:05:35] [main/ERROR] [mixin/]: java.lang.NullPointerException: Cannot invoke "net.neoforged.fml.ModList.isLoaded(String)" because the return value of "net.neoforged.fml.ModList.get()" is null
org.spongepowered.asm.mixin.transformer.throwables.InvalidMixinException: java.lang.NullPointerException: Cannot invoke "net.neoforged.fml.ModList.isLoaded(String)" because the return value of "net.neoforged.fml.ModList.get()" is null
	at org.spongepowered.asm.mixin.transformer.MixinInfo.<init>(MixinInfo.java:907) ~[sponge-mixin-0.17.4+mixin.0.8.7.jar:0.17.4+mixin.0.8.7] {}
	at org.spongepowered.asm.mixin.transformer.MixinConfig.prepareMixins(MixinConfig.java:933) [sponge-mixin-0.17.4+mixin.0.8.7.jar:0.17.4+mixin.0.8.7] {}
	at org.spongepowered.asm.mixin.transformer.MixinConfig.prepare(MixinConfig.java:862) [sponge-mixin-0.17.4+mixin.0.8.7.jar:0.17.4+mixin.0.8.7] {}
	at org.spongepowered.asm.mixin.transformer.MixinProcessor.prepareConfigs(MixinProcessor.java:587) [sponge-mixin-0.17.4+mixin.0.8.7.jar:0.17.4+mixin.0.8.7] {}
	at org.spongepowered.asm.mixin.transformer.MixinProcessor.select(MixinProcessor.java:509) [sponge-mixin-0.17.4+mixin.0.8.7.jar:0.17.4+mixin.0.8.7] {}
	at org.spongepowered.asm.mixin.transformer.MixinProcessor.checkSelect(MixinProcessor.java:485) [sponge-mixin-0.17.4+mixin.0.8.7.jar:0.17.4+mixin.0.8.7] {}
	at org.spongepowered.asm.mixin.transformer.MixinProcessor.lockAndSelect(MixinProcessor.java:437) [sponge-mixin-0.17.4+mixin.0.8.7.jar:0.17.4+mixin.0.8.7] {}
	at org.spongepowered.asm.mixin.transformer.MixinProcessor.couldTransformClass(MixinProcessor.java:397) [sponge-mixin-0.17.4+mixin.0.8.7.jar:0.17.4+mixin.0.8.7] {}
	at org.spongepowered.asm.mixin.transformer.MixinTransformer.couldTransformClass(MixinTransformer.java:265) [sponge-mixin-0.17.4+mixin.0.8.7.jar:0.17.4+mixin.0.8.7] {}
	at net.neoforged.fml.loading.mixin.FMLMixinClassProcessor.processesClass(FMLMixinClassProcessor.java:71) [loader-12.0.8.jar:12.0] {}
	at net.neoforged.fml.loading.mixin.FMLMixinClassProcessor.handlesClass(FMLMixinClassProcessor.java:56) [loader-12.0.8.jar:12.0] {}
	at net.neoforged.fml.classloading.transformation.ClassProcessorSet.transformersFor(ClassProcessorSet.java:101) [loader-12.0.8.jar:12.0] {}
	at net.neoforged.fml.classloading.transformation.ClassTransformer.transform(ClassTransformer.java:60) [loader-12.0.8.jar:12.0] {}
	at net.neoforged.fml.classloading.transformation.TransformingClassLoader.maybeTransformClassBytes(TransformingClassLoader.java:47) [loader-12.0.8.jar:12.0] {}
	at net.neoforged.fml.classloading.ModuleClassLoader.readerToClass(ModuleClassLoader.java:224) [loader-12.0.8.jar:12.0] {}
	at net.neoforged.fml.classloading.ModuleClassLoader.loadClass(ModuleClassLoader.java:245) [loader-12.0.8.jar:12.0] {}
	at java.base/java.lang.ClassLoader.loadClass(ClassLoader.java:490) [?:?] {}
	at java.base/java.lang.Class.forName0(Native Method) [?:?] {}
	at java.base/java.lang.Class.forName(Class.java:547) [?:?] {}
	at net.neoforged.fml.startup.Entrypoint.createMainMethodCallable(Entrypoint.java:148) [loader-12.0.8.jar:12.0] {}
	at net.neoforged.fml.startup.Client.main(Client.java:18) [loader-12.0.8.jar:12.0] {}
Caused by: java.lang.NullPointerException: Cannot invoke "net.neoforged.fml.ModList.isLoaded(String)" because the return value of "net.neoforged.fml.ModList.get()" is null
	at TRANSFORMER/tacz@1.1.8+neoforge.26.3.R1/com.tacz.guns.mixin.client.voxy.VoxyCompatMixinPlugin.shouldApplyMixin(VoxyCompatMixinPlugin.java:31) ~[tacz-1.1.8+neoforge.26.3.R1.jar:?] {}
	at org.spongepowered.asm.mixin.transformer.PluginHandle.shouldApplyMixin(PluginHandle.java:157) ~[sponge-mixin-0.17.4+mixin.0.8.7.jar:0.17.4+mixin.0.8.7] {}
	at org.spongepowered.asm.mixin.transformer.MixinInfo.shouldApplyMixin(MixinInfo.java:1013) ~[sponge-mixin-0.17.4+mixin.0.8.7.jar:0.17.4+mixin.0.8.7] {}
	at org.spongepowered.asm.mixin.transformer.MixinInfo.readDeclaredTargets(MixinInfo.java:978) ~[sponge-mixin-0.17.4+mixin.0.8.7.jar:0.17.4+mixin.0.8.7] {}
	at org.spongepowered.asm.mixin.transformer.MixinInfo.<init>(MixinInfo.java:903) ~[sponge-mixin-0.17.4+mixin.0.8.7.jar:0.17.4+mixin.0.8.7] {}
	... 20 more
[19:05:35] [main/WARN] [mixin/]: Error loading class: com/portingdeadmods/cable_facades/events/GameClientEvents$2 (java.lang.ClassNotFoundException: com.portingdeadmods.cable_facades.events.GameClientEvents$2)
[19:05:35] [main/WARN] [mixin/]: Error loading class: com/direwolf20/justdirethings/client/renderers/OurRenderTypes (java.lang.ClassNotFoundException: com.direwolf20.justdirethings.client.renderers.OurRenderTypes)
[19:05:35] [main/WARN] [mixin/]: Error loading class: mekanism/client/render/lib/effect/BillboardingEffectRenderer (java.lang.ClassNotFoundException: mekanism.client.render.lib.effect.BillboardingEffectRenderer)
[19:05:35] [main/WARN] [mixin/]: Error loading class: blusunrize/immersiveengineering/client/utils/IEGLShaders (java.lang.ClassNotFoundException: blusunrize.immersiveengineering.client.utils.IEGLShaders)
[19:05:35] [main/INFO] [MixinExtras|Service/]: Initializing MixinExtras via com.llamalad7.mixinextras.service.MixinExtrasServiceImpl(version=0.5.5).
[19:05:36] [Datafixer Bootstrap #0/INFO] [mojang/DataFixerBuilder]: 310 Datafixer optimizations took 237 milliseconds
[19:05:37] [main/WARN] [os.dr.wi.pe.PerfmonDisabled/]: Invalid registry value type detected for PerfOS counters. Should be REG_DWORD. Ignoring: HKEY_LOCAL_MACHINE\SYSTEM\CurrentControlSet\Services\PerfOS\Performance\Disable Performance Counters.
WARNING: A terminally deprecated method in sun.misc.Unsafe has been called
WARNING: sun.misc.Unsafe::staticFieldOffset has been called by net.jodah.typetools.TypeResolver (file:/D:/DOWLOD/.minecraft/versions/26.3-NeoForge_26.3.0.7-beta/mods/libraries/net/jodah/typetools/0.6.3/typetools-0.6.3.jar)
WARNING: Please consider reporting this to the maintainers of class net.jodah.typetools.TypeResolver
WARNING: sun.misc.Unsafe::staticFieldOffset will be removed in a future release
[19:05:40] [modloading-worker-0/INFO] [ne.ne.ne.co.NeoForgeMod/NEOFORGE-MOD]: NeoForge mod loading, version 26.3.0.51-beta, for MC 26.3
[19:05:40] [modloading-worker-0/ERROR] [ne.ne.fm.ja.FMLModContainer/LOADING]: Failed to create mod instance. ModID: tacz, class com.tacz.guns.GunMod
java.lang.NoSuchFieldError: Class net.neoforged.fml.config.ModConfig$Type does not have member field 'net.neoforged.fml.config.ModConfig$Type COMMON'
	at TRANSFORMER/tacz@1.1.8+neoforge.26.3.R1/com.tacz.guns.GunMod.<init>(GunMod.java:40) ~[tacz-1.1.8+neoforge.26.3.R1.jar:?] {}
	at java.base/jdk.internal.reflect.DirectConstructorHandleAccessor.newInstance(DirectConstructorHandleAccessor.java:62) ~[?:?] {}
	at java.base/java.lang.reflect.Constructor.newInstanceWithCaller(Constructor.java:499) ~[?:?] {}
	at java.base/java.lang.reflect.Constructor.newInstance(Constructor.java:483) ~[?:?] {}
	at net.neoforged.fml.javafmlmod.FMLModContainer.constructMod(FMLModContainer.java:124) [loader-12.0.8.jar:12.0] {}
	at net.neoforged.fml.ModLoader.lambda$constructMods$0(ModLoader.java:125) [loader-12.0.8.jar:12.0] {}
	at net.neoforged.fml.ModLoader.lambda$dispatchParallelTask$3(ModLoader.java:203) [loader-12.0.8.jar:12.0] {}
	at java.base/java.util.concurrent.CompletableFuture.uniHandle(CompletableFuture.java:955) [?:?] {}
	at java.base/java.util.concurrent.CompletableFuture$UniHandle.tryFire(CompletableFuture.java:932) [?:?] {}
	at java.base/java.util.concurrent.CompletableFuture$Completion.exec(CompletableFuture.java:504) [?:?] {}
	at java.base/java.util.concurrent.ForkJoinTask.doExec(ForkJoinTask.java:511) [?:?] {}
	at java.base/java.util.concurrent.ForkJoinPool$WorkQueue.topLevelExec(ForkJoinPool.java:1450) [?:?] {}
	at java.base/java.util.concurrent.ForkJoinPool.runWorker(ForkJoinPool.java:2019) [?:?] {}
	at java.base/java.util.concurrent.ForkJoinWorkerThread.run(ForkJoinWorkerThread.java:187) [?:?] {}
[19:05:40] [modloading-worker-0/WARN] [Iris/]: Found fine program match for neoforge:pipeline/entity_unlit_translucent: ENTITIES_TRANSLUCENT
[19:05:40] [main/FATAL] [ne.ne.fm.ModLoader/LOADING]: Failed to wait for future Mod Construction, 1 errors found
[19:05:41] [main/FATAL] [ne.ne.ne.co.NeoForgeMod/]: Preparing crash report with UUID 6b7a5e6e-06c3-42b8-a152-a2624b332be5
---- Minecraft Crash Report ----
// Don't do that.

Time: 2026-10-05 19:05:40
Description: Bootstrap

net.neoforged.fml.ModLoadingException: Loading errors encountered:
	- Timeless and Classics Zero (tacz) has failed to load correctly
	  java.lang.NoSuchFieldError: Class net.neoforged.fml.config.ModConfig$Type does not have member field 'net.neoforged.fml.config.ModConfig$Type COMMON'

	at net.neoforged.fml.ModLoader.waitForFuture(ModLoader.java:253) ~[loader-12.0.8.jar:12.0] {}
	at net.neoforged.fml.ModLoader.dispatchParallelTask(ModLoader.java:216) ~[loader-12.0.8.jar:12.0] {}
	at net.neoforged.fml.ModLoader.constructMods(ModLoader.java:124) ~[loader-12.0.8.jar:12.0] {}
	at net.neoforged.fml.ModLoader.gatherAndInitializeMods(ModLoader.java:101) ~[loader-12.0.8.jar:12.0] {}
	at TRANSFORMER/neoforge@26.3.0.51-beta/net.neoforged.neoforge.internal.CommonModLoader.begin(CommonModLoader.java:49) ~[neoforge-26.3.0.51-beta-universal.jar:?] {}
	at TRANSFORMER/neoforge@26.3.0.51-beta/net.neoforged.neoforge.client.loading.ClientModLoader.begin(ClientModLoader.java:55) ~[neoforge-26.3.0.51-beta-universal.jar:?] {}
	at TRANSFORMER/minecraft@26.3/net.minecraft.client.main.Main.main(Main.java:167) [minecraft-client-patched-26.3.0.51-beta.jar:?] {}
	at net.neoforged.fml.startup.Client.main(Client.java:19) [loader-12.0.8.jar:12.0] {}


A detailed walkthrough of the error, its code path and all known details is as follows:
---------------------------------------------------------------------------------------

-- Head --
Thread: main
Stacktrace:
	at net.neoforged.fml.ModLoader.waitForFuture(ModLoader.java:253) ~[loader-12.0.8.jar:12.0] {}
	at net.neoforged.fml.ModLoader.dispatchParallelTask(ModLoader.java:216) ~[loader-12.0.8.jar:12.0] {}
	at net.neoforged.fml.ModLoader.constructMods(ModLoader.java:124) ~[loader-12.0.8.jar:12.0] {}
	at net.neoforged.fml.ModLoader.gatherAndInitializeMods(ModLoader.java:101) ~[loader-12.0.8.jar:12.0] {}
	at TRANSFORMER/neoforge@26.3.0.51-beta/net.neoforged.neoforge.internal.CommonModLoader.begin(CommonModLoader.java:49) ~[neoforge-26.3.0.51-beta-universal.jar:?] {}
	at TRANSFORMER/neoforge@26.3.0.51-beta/net.neoforged.neoforge.client.loading.ClientModLoader.begin(ClientModLoader.java:55) ~[neoforge-26.3.0.51-beta-universal.jar:?] {}
-- Initialization --
Details:
	Modules: 
		ADVAPI32.dll:高级 Windows 32 基本 API:10.0.26100.8875 (WinBuild.160101.0800):Microsoft Corporation
		AVRT.dll:多媒体实时运行时:10.0.26100.8875 (WinBuild.160101.0800):Microsoft Corporation
		BCrypt.dll:Windows 加密基元库:10.0.26100.8875 (WinBuild.160101.0800):Microsoft Corporation
		COMCTL32.dll:用户体验控件库:6.10 (WinBuild.160101.0800):Microsoft Corporation
		CRYPT32.dll:加密 API32:10.0.26100.8875 (WinBuild.160101.0800):Microsoft Corporation
		CRYPTBASE.dll:Base cryptographic API DLL:10.0.26100.9444 (WinBuild.160101.0800):Microsoft Corporation
		CRYPTSP.dll:Cryptographic Service Provider API:10.0.26100.9444 (WinBuild.160101.0800):Microsoft Corporation
		D3D12Core.dll:Direct3D 12 Core Runtime:10.0.26100.9278 (WinBuild.160101.0800):Microsoft Corporation
		D3DSCache.dll:Microsoft (R) D3D 着色器缓存库:10.0.26100.8875 (WinBuild.160101.0800):Microsoft Corporation
		DBGHELP.DLL:Windows Image Helper:10.0.26100.9444 (WinBuild.160101.0800):Microsoft Corporation
		DEVOBJ.dll:Device Information Set DLL:10.0.26100.9278 (WinBuild.160101.0800):Microsoft Corporation
		DNSAPI.dll:DNS 客户端 API DLL:10.0.26100.9278 (WinBuild.160101.0800):Microsoft Corporation
		DSPARSE.dll:Active Directory Domain Services API:10.0.26100.1 (WinBuild.160101.0800):Microsoft Corporation
		DWMAPI.DLL:Microsoft 桌面窗口管理器 API:10.0.26100.8875 (WinBuild.160101.0800):Microsoft Corporation
		DWrite.dll:Microsoft DirectX 版式服务:10.0.26100.8875 (WinBuild.160101.0800):Microsoft Corporation
		DXGI.DLL:DirectX Graphics Infrastructure:10.0.26100.9444 (WinBuild.160101.0800):Microsoft Corporation
		GDI32.dll:GDI Client DLL:10.0.26100.8328 (WinBuild.160101.0800):Microsoft Corporation
		GLU32.dll:OpenGL 实用工具库 DLL:10.0.26100.8875 (WinBuild.160101.0800):Microsoft Corporation
		IMM32.DLL:Multi-User Windows IMM32 API Client DLL:10.0.26100.9278 (WinBuild.160101.0800):Microsoft Corporation
		IPHLPAPI.DLL:IP 帮助程序 API:10.0.26100.8875 (WinBuild.160101.0800):Microsoft Corporation
		KERNEL32.DLL:Windows NT 基本 API 客户端 DLL:10.0.26100.9278 (WinBuild.160101.0800):Microsoft Corporation
		KERNELBASE.dll:Windows NT 基本 API 客户端 DLL:10.0.26100.9278 (WinBuild.160101.0800):Microsoft Corporation
		MSASN1.dll:ASN.1 Runtime APIs:10.0.26100.9444 (WinBuild.160101.0800):Microsoft Corporation
		MSCTF.dll:MSCTF 服务器 DLL:10.0.26100.8875 (WinBuild.160101.0800):Microsoft Corporation
		Microsoft.Internal.WarpPal.dll
		NSI.dll:NSI User-mode interface DLL:10.0.26100.9444 (WinBuild.160101.0800):Microsoft Corporation
		OLEAUT32.dll:OLEAUT32.DLL:10.0.26100.9278 (WinBuild.160101.0800):Microsoft Corporation
		OPENGL32.DLL:OpenGL Client DLL:10.0.26100.9278 (WinBuild.160101.0800):Microsoft Corporation
		OpenAL.dll:Main implementation library:1.25.2:
		POWRPROF.dll:电源配置文件帮助程序 DLL:10.0.26100.8875 (WinBuild.160101.0800):Microsoft Corporation
		PSAPI.DLL:Process Status Helper:10.0.26100.8521 (WinBuild.160101.0800):Microsoft Corporation
		RPCRT4.dll:远程过程调用运行时:10.0.26100.8875 (WinBuild.160101.0800):Microsoft Corporation
		SDL3.dll:SDL:3, 4, 14, 0:
		SETUPAPI.dll:Windows 安装程序 API:10.0.26100.8875 (WinBuild.160101.0800):Microsoft Corporation
		SHCORE.dll:SHCORE:10.0.26100.8875 (WinBuild.160101.0800):Microsoft Corporation
		SHELL32.dll:Windows Shell 公用 DLL:10.0.26100.9278 (WinBuild.160101.0800):Microsoft Corporation
		SspiCli.dll:Security Support Provider Interface:10.0.26100.9278 (WinBuild.160101.0800):Microsoft Corporation
		UMPDC.dll:User Mode Power Dependency Coordinator:10.0.26100.8972 (WinBuild.160101.0800):Microsoft Corporation
		USER32.dll:多用户 Windows 用户 API 客户端 DLL:10.0.26100.8875 (WinBuild.160101.0800):Microsoft Corporation
		USERENV.dll:Userenv:10.0.26100.8875 (WinBuild.160101.0800):Microsoft Corporation
		USP10.dll:Uniscribe Unicode script processor:10.0.26100.1 (WinBuild.160101.0800):Microsoft Corporation
		VCRUNTIME140.dll:Microsoft® C Runtime Library:14.40.33810.0:Microsoft Corporation
		VERSION.dll:Version Checking and File Installation Libraries:10.0.26100.1150 (WinBuild.160101.0800):Microsoft Corporation
		WINMM.dll:MCI API DLL:10.0.26100.8875 (WinBuild.160101.0800):Microsoft Corporation
		WINSTA.dll:Winstation Library:10.0.26100.9278 (WinBuild.160101.0800):Microsoft Corporation
		WINTRUST.dll:Microsoft Trust Verification APIs:10.0.26100.9444 (WinBuild.160101.0800):Microsoft Corporation
		WS2_32.dll:Windows Socket 2.0 32 位 DLL:10.0.26100.8875 (WinBuild.160101.0800):Microsoft Corporation
		Wtsapi32.dll:Windows Remote Desktop Session Host Server SDK APIs:10.0.26100.9278 (WinBuild.160101.0800):Microsoft Corporation
		amdihk64.dll:Radeon Settings: Host Service:2,00,00,1788:Advanced Micro Devices, Inc.
		amdxc64.dll:AMD DX12 UMD :8.18.10.0504:Advanced Micro Devices, Inc. 
		amsi.dll:Anti-Malware Scan Interface:10.0.26100.7309 (WinBuild.160101.0800):Microsoft Corporation
		atig6pxx.dll:atiglpxx.dll:8.14.01.6564:Advanced Micro Devices, Inc. 
		atio6axx.dll:AMD OpenGL Driver:26.08.300126_e4d6776:Advanced Micro Devices, Inc
		bcryptPrimitives.dll:Windows Cryptographic Primitives Library:10.0.26100.9444 (WinBuild.160101.0800):Microsoft Corporation
		cfgmgr32.DLL:Configuration Manager DLL:10.0.26100.9278 (WinBuild.160101.0800):Microsoft Corporation
		clbcatq.dll:COM+ Configuration Catalog:2001.12.10941.16384 (WinBuild.160101.0800):Microsoft Corporation
		combase.dll:用于 Windows 的 Microsoft COM:10.0.26100.8875 (WinBuild.160101.0800):Microsoft Corporation
		d3d12.dll:Direct3D 12 Runtime:10.0.26100.9278 (WinBuild.160101.0800):Microsoft Corporation
		dataexchange.dll:Data exchange:10.0.26100.9278 (WinBuild.160101.0800):Microsoft Corporation
		dbgcore.DLL:Windows Core Debugging Helpers:10.0.26100.9444 (WinBuild.160101.0800):Microsoft Corporation
		dcomp.dll:Microsoft DirectComposition Library:10.0.26100.9278 (WinBuild.160101.0800):Microsoft Corporation
		directxdatabasehelper.dll:DirectXDatabaseHelper:10.0.26100.9444 (WinBuild.160101.0800):Microsoft Corporation
		dxcore.dll:DXCore:10.0.26100.9278 (WinBuild.160101.0800):Microsoft Corporation
		fastprox.dll:WMI Custom Marshaller:10.0.26100.9444 (WinBuild.160101.0800):Microsoft Corporation
		freetype.dll:Font Rendering Library:2.14.3:The FreeType Project
		fwpuclnt.dll:FWP/IPsec 用户模式 API:10.0.26100.8875 (WinBuild.160101.0800):Microsoft Corporation
		gdi32full.dll:GDI Client DLL:10.0.26100.9444 (WinBuild.160101.0800):Microsoft Corporation
		hid.dll:Hid 用户库:10.0.26100.8875 (WinBuild.160101.0800):Microsoft Corporation
		java.dll:OpenJDK Platform binary:25.0.3.0:Eclipse Adoptium
		java.exe:OpenJDK Platform binary:25.0.3.0:Eclipse Adoptium
		jemalloc.dll
		jimage.dll:OpenJDK Platform binary:25.0.3.0:Eclipse Adoptium
		jli.dll:OpenJDK Platform binary:25.0.3.0:Eclipse Adoptium
		jna8061264360212199851.dll:JNA native library:7.0.2:Java(TM) Native Access (JNA)
		jvm.dll:OpenJDK 64-Bit server VM:25.0.3.0:Eclipse Adoptium
		kernel.appcore.dll:AppModel API Host:10.0.26100.9278 (WinBuild.160101.0800):Microsoft Corporation
		lwjgl.dll
		lwjgl_opengl.dll
		lwjgl_stb.dll
		lwjgl_vma.dll
		management.dll:OpenJDK Platform binary:25.0.3.0:Eclipse Adoptium
		management_ext.dll:OpenJDK Platform binary:25.0.3.0:Eclipse Adoptium
		mdnsNSP.dll:Bonjour Namespace Provider:3,1,0,1:Apple Inc.
		mscms.dll:Microsoft 颜色匹配系统 DLL:10.0.26100.8875 (WinBuild.160101.0800):Microsoft Corporation
		msvcp140.dll:Microsoft® C Runtime Library:14.40.33810.0:Microsoft Corporation
		msvcp_win.dll:Microsoft® C Runtime Library:10.0.26100.9444 (WinBuild.160101.0800):Microsoft Corporation
		msvcrt.dll:Windows NT CRT DLL:7.0.26100.9444 (WinBuild.160101.0800):Microsoft Corporation
		mswsock.dll:Microsoft Windows Sockets 2.0 服务提供程序:10.0.26100.8875 (WinBuild.160101.0800):Microsoft Corporation
		napinsp.dll:电子邮件命名填充提供程序:10.0.26100.8875 (WinBuild.160101.0800):Microsoft Corporation
		net.dll:OpenJDK Platform binary:25.0.3.0:Eclipse Adoptium
		nio.dll:OpenJDK Platform binary:25.0.3.0:Eclipse Adoptium
		nlansp_c.dll:NLA Namespace Service Provider DLL:10.0.26100.9278 (WinBuild.160101.0800):Microsoft Corporation
		ntdll.dll:NT 层 DLL:10.0.26100.9278 (WinBuild.160101.0800):Microsoft Corporation
		ole32.dll:用于 Windows 的 Microsoft OLE:10.0.26100.8875 (WinBuild.160101.0800):Microsoft Corporation
		pdh.dll:Windows 性能数据助手 DLL:10.0.26100.8875 (WinBuild.160101.0800):Microsoft Corporation
		perfos.dll:Windows 系统性能对象 DLL:10.0.26100.8875 (WinBuild.160101.0800):Microsoft Corporation
		perfproc.dll:Windows 系统进程性能对象 DLL:10.0.26100.8875 (WinBuild.160101.0800):Microsoft Corporation
		pfclient.dll:SysMain Client:10.0.26100.4202 (WinBuild.160101.0800):Microsoft Corporation
		profapi.dll:User Profile Basic API:10.0.26100.9444 (WinBuild.160101.0800):Microsoft Corporation
		rasadhlp.dll:Remote Access AutoDial Helper:10.0.26100.7920 (WinBuild.160101.0800):Microsoft Corporation
		rsaenh.dll:Microsoft Enhanced Cryptographic Provider:10.0.26100.1 (WinBuild.160101.0800):Microsoft Corporation
		sechost.dll:Host for SCM/SDDL/LSA Lookup APIs:10.0.26100.1 (WinBuild.160101.0800):Microsoft Corporation
		shaderc.dll
		shlwapi.dll:外壳简易实用工具库:10.0.26100.8875 (WinBuild.160101.0800):Microsoft Corporation
		spirv-cross.dll
		syslookup.dll:OpenJDK Platform binary:25.0.3.0:Eclipse Adoptium
		textinputframework.dll:"TextInputFramework.DYNLINK":10.0.26100.9278 (WinBuild.160101.0800):Microsoft Corporation
		twinapi.appcore.dll:twinapi.appcore:10.0.26100.8875 (WinBuild.160101.0800):Microsoft Corporation
		ucrtbase.dll:Microsoft® C Runtime Library:10.0.26100.9444 (WinBuild.160101.0800):Microsoft Corporation
		uxtheme.dll:Microsoft UxTheme 库:10.0.26100.8875 (WinBuild.160101.0800):Microsoft Corporation
		vcruntime140_1.dll:Microsoft® C Runtime Library:14.40.33810.0:Microsoft Corporation
		verify.dll:OpenJDK Platform binary:25.0.3.0:Eclipse Adoptium
		vulkan-1.dll:Vulkan Loader:1.4.341.0:
		wbemcomn.dll:WMI:10.0.26100.7920 (WinBuild.160101.0800):Microsoft Corporation
		wbemprox.dll:WMI:10.0.26100.9278 (WinBuild.160101.0800):Microsoft Corporation
		wbemsvc.dll:WMI:10.0.26100.9278 (WinBuild.160101.0800):Microsoft Corporation
		win32u.dll:Win32u:10.0.26100.9444 (WinBuild.160101.0800):Microsoft Corporation
		windows.staterepositorycore.dll:Windows StateRepository API Core:10.0.26100.9444 (WinBuild.160101.0800):Microsoft Corporation
		windows.storage.dll:Microsoft WinRT Storage API:10.0.26100.9278 (WinBuild.160101.0800):Microsoft Corporation
		winrnr.dll:LDAP RnR Provider DLL:10.0.26100.9278 (WinBuild.160101.0800):Microsoft Corporation
		wshbth.dll:Windows Sockets Helper DLL:10.0.26100.8875 (WinBuild.160101.0800):Microsoft Corporation
		zip.dll:OpenJDK Platform binary:25.0.3.0:Eclipse Adoptium
Stacktrace:
	at TRANSFORMER/minecraft@26.3/net.minecraft.client.main.Main.main(Main.java:167) [minecraft-client-patched-26.3.0.51-beta.jar:?] {}
	at net.neoforged.fml.startup.Client.main(Client.java:19) [loader-12.0.8.jar:12.0] {}


-- System Details --
Details:
	Minecraft Version: 26.3
	Minecraft Version ID: 26.3
	Operating System: Windows 11 (amd64) version 10.0
	Java Version: 25.0.3, Eclipse Adoptium
	Java VM Version: OpenJDK 64-Bit Server VM (mixed mode, sharing), Eclipse Adoptium
	Memory: 73901840 bytes (70 MiB) / 402653184 bytes (384 MiB) up to 7851737088 bytes (7488 MiB)
	Memory (heap): init: 512MiB, used: 286MiB, committed: 384MiB, max: 7488MiB
	Memory (non-heap): init: 007MiB, used: 141MiB, committed: 143MiB, max: 000MiB
	CPUs: 16
	Processor Vendor: AuthenticAMD
	Processor Name: AMD Ryzen 7 7700 8-Core Processor              
	Identifier: AuthenticAMD Family 25 Model 97 Stepping 2
	Microarchitecture: Zen 3
	Frequency (GHz): 3.79
	Number of physical packages: 1
	Number of physical CPUs: 8
	Number of logical CPUs: 16
	Graphics card #0 name: AMD  Radeon RX 7800 XT
	Graphics card #0 vendor: Advanced Micro Devices, Inc.
	Graphics card #0 VRAM (MiB): 16368.00
	Graphics card #0 deviceId: VideoController1
	Graphics card #0 versionInfo: 32.0.31041.1004
	Graphics card #1 name: AMD Radeon(TM) Graphics
	Graphics card #1 vendor: Advanced Micro Devices, Inc.
	Graphics card #1 VRAM (MiB): 512.00
	Graphics card #1 deviceId: VideoController2
	Graphics card #1 versionInfo: 32.0.21045.5002
	Memory slot #0 capacity (MiB): 16384.00
	Memory slot #0 clockSpeed (GHz): 4.80
	Memory slot #0 type: DDR5
	Memory slot #1 capacity (MiB): 16384.00
	Memory slot #1 clockSpeed (GHz): 4.80
	Memory slot #1 type: DDR5
	Virtual memory max (MiB): 64605.93
	Virtual memory used (MiB): 12267.70
	Swap memory total (MiB): 32784.00
	Swap memory used (MiB): 0.00
	Space in storage for jna.tmpdir (MiB): available: 337493.63, total: 684062.94
	Space in storage for org.lwjgl.system.SharedLibraryExtractPath (MiB): available: 337493.63, total: 684062.94
	Space in storage for io.netty.native.workdir (MiB): available: 337493.63, total: 684062.94
	Space in storage for java.io.tmpdir (MiB): available: 114415.61, total: 269803.38
	Space in storage for workdir (MiB): available: 337493.63, total: 684062.94
	Operating System Version: Microsoft Windows 11 (Home) build 26300
	Process Elevated: false
	Process Loads: Uptime: 8s, user: 23s (274.90%), kernel: 4s (48.06%), total: 27s (322.96%)
	Process Virtual Size (MiB): 73.97
	Process Resident Size (MiB): 810.96
	JVM Flags: 14 total; -XX:HeapDumpPath=MojangTricksIntelDriversForPerformance_javaw.exe_minecraft.exe.heapdump -XX:StackShadowPages=32 -XX:-OmitStackTraceInFastThrow -Xmx7475m -XX:+UnlockExperimentalVMOptions -XX:+UseCompactObjectHeaders -XX:+UseG1GC -XX:G1NewSizePercent=20 -XX:G1ReservePercent=20 -XX:G1HeapRegionSize=32M -XX:MaxGCPauseMillis=50 -XX:+PerfDisableSharedMem -XX:MinHeapFreeRatio=25 -XX:MaxHeapFreeRatio=40
	Debug Flags: 0 total; 
	Launched Version: 26.3-NeoForge_26.3.0.51-beta
	Launcher name: PCL
	Backend library: LWJGL version 3.4.3+4
	Window size: <not initialized>
	Surface Info: <no surface>
	SDL Platform: Windows
	Graphics Device: <none>
	GL debug messages: <no renderer available>
	Is Modded: Definitely; Client brand changed to 'neoforge'
	Universe: 404
	Type: Client
	Locale: zh_CN
	System encoding: GBK
	File encoding: UTF-8
	CPU: 16x AMD Ryzen 7 7700 8-Core Processor 
	Class Processors: 
		04.83%: neoforge:access_transformer
		00.00%: neoforge:mixin_frame_context
		00.00%: neoforge:computing_frames (marker)
		00.00%: neoforge:runtime_enum_extender
		01.06%: neoforge:mixin
		00.00%: neoforge:simple_processors_default (marker)
		00.02%: neoforge.coremods:field_to_getter.net.minecraft.world.level.biome.biome
		00.02%: neoforge.coremods:field_to_getter.net.minecraft.world.level.block.flowerpotblock
		00.02%: neoforge.coremods:field_to_getter.net.minecraft.world.level.levelgen.structure.structure
		00.33%: neoforge.coremods:method_redirector
	Mod List: 
		iris-neoforge-1.11.7+mc26.3.jar                   |Iris                          |iris                          |1.11.7+mc26.3       |Manifest: 2260506334a17ac566ea30169ab491201208f55c1c7212bb987bc0c7c59a8d93
		minecraft-client-patched-26.3.0.51-beta.jar       |Minecraft                     |minecraft                     |26.3                |Manifest: d878ea5c04f0c30ec00129f7873f328240b7cbe660d63b8d5bc33c0bded0ec5c
		neoforge-26.3.0.51-beta-universal.jar             |NeoForge                      |neoforge                      |26.3.0.51-beta      |Manifest: 116d470a662b546aff646adc236d0dac45ad57aac59a750a614e11a67e9450d9
		net.caffeinemc.sodium-neoforge-0.9.3-alpha.1+mc26.|Sodium                        |sodium                        |0.9.3-alpha.1+mc26.3|Manifest: 7724f3a96805d802af95553cfb927c818a6734f85ddebac815b27c8ffc6f12c2
		tacz-1.1.8+neoforge.26.3.R1.jar                   |Timeless and Classics Zero    |tacz                          |1.1.8+neoforge.26.3.|Manifest: ae30be865be5eef1ee121addd2d0a83556e34f78d468a010de6944add5bd46a4
	Crash Report UUID: 6b7a5e6e-06c3-42b8-a152-a2624b332be5
	FML: 12.0.8
	NeoForge: 26.3.0.51-beta
[19:05:41] [main/FATAL] [ne.ne.ne.co.NeoForgeMod/]: Preparing crash report with UUID 49864cbf-7b11-463c-89db-b3feabaa2e88
#@!@# Game crashed! Crash report saved to: #@!@# D:\DOWLOD\.minecraft\versions\26.3-NeoForge_26.3.0.7-beta\mods\versions\26.3-NeoForge_26.3.0.51-beta\crash-reports\crash-2026-10-05_19.05.40-client.txt